Name: CCTV-1, URL: https://jzb.wwkejishe.top/?id=578, From: subscribe, IPv_Type: ipv6, Location: 美国, ISP: CloudFlare Inc., Date: None, Delay: 2447 ms, Speed: 0.53 M/s, Resolution: 1280x720
Name: CCTV-1, URL: https://jzb.wwkejishe.top/?id=578, From: subscribe, IPv_Type: ipv6, Location: 美国, ISP: CloudFlare Inc., Date: None, Delay: 2447 ms, Speed: 0.53 M/s, Resolution: 1280x720
Name: CCTV-4, URL: https://global.cgtn.cicc.media.caton.cloud/master/cgtn-america.m3u8, From: subscribe, IPv_Type: ipv4, Location: 英国, ISP: , Date: None, Delay: 7439 ms, Speed: 0.33 M/s, Resolution: 1920x1080
Name: CCTV-4, URL: https://global.cgtn.cicc.media.caton.cloud/master/cgtn-america.m3u8, From: subscribe, IPv_Type: ipv4, Location: 英国, ISP: , Date: None, Delay: 7439 ms, Speed: 0.33 M/s, Resolution: 1920x1080
Name: CCTV-5, URL: https://ldcctvwbcdbd.a.bdydns.com/ldcctvwbcd/cdrmldcctv5plus_1/index.m3u8?BR=td, From: subscribe, IPv_Type: ipv4, Location: 中国-江苏-常州, ISP: 联通, Date: None, Delay: 1956 ms, Speed: 0.54 M/s, Resolution: 1280x720
Name: CCTV-5, URL: https://ldcctvwbcdbd.a.bdydns.com/ldcctvwbcd/cdrmldcctv5plus_1/index.m3u8?BR=td, From: subscribe, IPv_Type: ipv4, Location: 中国-江苏-常州, ISP: 联通, Date: None, Delay: 1956 ms, Speed: 0.54 M/s, Resolution: 1280x720
Name: CCTV-5, URL: https://jzb.wwkejishe.top/?id=582, From: subscribe, IPv_Type: ipv6, Location: 美国, ISP: CloudFlare Inc., Date: None, Delay: 2447 ms, Speed: 0.53 M/s, Resolution: 1280x720
Name: CCTV-5, URL: https://ldcctvwbcdks.v.kcdnvip.com/ldcctvwbcd/cdrmldcctv5plus_1/index.m3u8?b=200-2100, From: subscribe, IPv_Type: ipv6, Location: 中国, ISP: 中国电信, Date: None, Delay: 2028 ms, Speed: 0.51 M/s, Resolution: 1920x1080
Name: CCTV-5, URL: https://ldcctvwbcdks.v.kcdnvip.com/ldcctvwbcd/cdrmldcctv5plus_1/index.m3u8?b=200-2100, From: subscribe, IPv_Type: ipv6, Location: 中国, ISP: 中国电信, Date: None, Delay: 2028 ms, Speed: 0.51 M/s, Resolution: 1920x1080
Name: CCTV-5+, URL: https://jzb.wwkejishe.top/?id=583, From: subscribe, IPv_Type: ipv6, Location: 美国, ISP: CloudFlare Inc., Date: None, Delay: 2447 ms, Speed: 0.53 M/s, Resolution: 1280x720
Name: CCTV-6, URL: https://jzb.wwkejishe.top/?id=584, From: subscribe, IPv_Type: ipv6, Location: 美国, ISP: CloudFlare Inc., Date: None, Delay: 2447 ms, Speed: 0.53 M/s, Resolution: 1280x720
Name: CCTV-8, URL: https://jzb.wwkejishe.top/?id=586, From: subscribe, IPv_Type: ipv6, Location: 美国, ISP: CloudFlare Inc., Date: None, Delay: 2447 ms, Speed: 0.53 M/s, Resolution: 1280x720
Name: CCTV-9, URL: https://jzb.wwkejishe.top/?id=587, From: subscribe, IPv_Type: ipv6, Location: 美国, ISP: CloudFlare Inc., Date: None, Delay: 2447 ms, Speed: 0.53 M/s, Resolution: 1280x720
Name: CCTV-10, URL: https://jzb.wwkejishe.top/?id=588, From: subscribe, IPv_Type: ipv6, Location: 美国, ISP: CloudFlare Inc., Date: None, Delay: 2447 ms, Speed: 0.53 M/s, Resolution: 1280x720
Name: CCTV-11, URL: https://jzb.wwkejishe.top/?id=589, From: subscribe, IPv_Type: ipv6, Location: 美国, ISP: CloudFlare Inc., Date: None, Delay: 2447 ms, Speed: 0.53 M/s, Resolution: 1280x720
Name: CCTV-13, URL: https://event.pull.hebtv.com/jishi/cp1.m3u8, From: subscribe, IPv_Type: ipv6, Location: 中国, ISP: 中国电信, Date: None, Delay: 2254 ms, Speed: 1.37 M/s, Resolution: 1920x1080
Name: CCTV-13, URL: https://event.pull.hebtv.com/jishi/cp1.m3u8, From: subscribe, IPv_Type: ipv6, Location: 中国, ISP: 中国电信, Date: None, Delay: 2254 ms, Speed: 1.37 M/s, Resolution: 1920x1080
Name: CCTV-13, URL: https://epg.pw/stream/5d3d047c64e44d0a24dc33e5700e579457201d2960036b43819bd930a0bb76a7.m3u8, From: subscribe, IPv_Type: ipv6, Location: 美国, ISP: CloudFlare Inc., Date: None, Delay: 1074 ms, Speed: 0.60 M/s, Resolution: 1920x1080
Name: CCTV-13, URL: https://epg.pw/stream/5d3d047c64e44d0a24dc33e5700e579457201d2960036b43819bd930a0bb76a7.m3u8, From: subscribe, IPv_Type: ipv6, Location: 美国, ISP: CloudFlare Inc., Date: None, Delay: 1074 ms, Speed: 0.60 M/s, Resolution: 1920x1080
Name: CCTV-13, URL: https://jzb.wwkejishe.top/?id=591, From: subscribe, IPv_Type: ipv6, Location: 美国, ISP: CloudFlare Inc., Date: None, Delay: 2447 ms, Speed: 0.53 M/s, Resolution: 1280x720
Name: CCTV-14, URL: http://www.freetv.top/migu/624878440.m3u8?migutoken=303d044cf07163e1e2e8e4ecc8b6696ed836301cf573b626d3c00ec50cd362cc5e6a93afc2fd102cb883155554597d14eaa697edc9b0a30e56fc0115f81d8fbb8b87129e5bedad7d2173178f03, From: subscribe, IPv_Type: ipv6, Location: 美国-加利福尼亚州-圣克拉拉, ISP: DigitalOcean, Date: None, Delay: 180 ms, Speed: 3.41 M/s, Resolution: 1920x1080
Name: CCTV-14, URL: http://www.freetv.top/migu/624878440.m3u8?migutoken=303d044cf07163e1e2e8e4ecc8b6696ed836301cf573b626d3c00ec50cd362cc5e6a93afc2fd102cb883155554597d14eaa697edc9b0a30e56fc0115f81d8fbb8b87129e5bedad7d2173178f03, From: subscribe, IPv_Type: ipv6, Location: 美国-加利福尼亚州-圣克拉拉, ISP: DigitalOcean, Date: None, Delay: 180 ms, Speed: 3.41 M/s, Resolution: 1920x1080
Name: CCTV-14, URL: https://event.pull.hebtv.com/jishi/cp2.m3u8, From: subscribe, IPv_Type: ipv6, Location: 中国, ISP: 中国电信, Date: None, Delay: 2254 ms, Speed: 1.37 M/s, Resolution: 1920x1080
Name: CCTV-14, URL: https://jzb.wwkejishe.top/?id=592, From: subscribe, IPv_Type: ipv6, Location: 美国, ISP: CloudFlare Inc., Date: None, Delay: 2447 ms, Speed: 0.53 M/s, Resolution: 1280x720
Name: CCTV-15, URL: http://www.freetv.top/migu/673168223.m3u8?migutoken=81268e3d4f684bb5f7e3f9be9524d419c9c649ab0f8f8d3416c7e7535e0b219459b129f4be677a98cf66de546e2d7a78ebe50703d98eb67703adee341cd46d7d39c14bfc907da3a20534d07396, From: subscribe, IPv_Type: ipv6, Location: 美国-加利福尼亚州-圣克拉拉, ISP: DigitalOcean, Date: None, Delay: 180 ms, Speed: 3.41 M/s, Resolution: 1920x1080
Name: CCTV-15, URL: https://jzb.wwkejishe.top/?id=593, From: subscribe, IPv_Type: ipv6, Location: 美国, ISP: CloudFlare Inc., Date: None, Delay: 2447 ms, Speed: 0.53 M/s, Resolution: 1280x720
Name: CCTV-16, URL: https://epg.pw/stream/c1beb2abcba5aef09c2f58efc3ca84b76de2c7b9cf60762b0d79772d9e70d454.m3u8, From: subscribe, IPv_Type: ipv6, Location: 美国, ISP: CloudFlare Inc., Date: None, Delay: 1074 ms, Speed: 0.60 M/s, Resolution: 1920x1080
Name: CCTV-17, URL: http://www.freetv.top/migu/673168256.m3u8?migutoken=698e0ff1ba47e7b3e38326199e2ee0a1b7bd0b0dd192935d111a196fb0a283c3070537cce6951301b2cc3e6f7de31ffdb9b7c4095d6c008d8333e21e5070375ca86124640133c9fa4c6ffa847f, From: subscribe, IPv_Type: ipv6, Location: 美国-加利福尼亚州-圣克拉拉, ISP: DigitalOcean, Date: None, Delay: 180 ms, Speed: 3.41 M/s, Resolution: 1920x1080
Name: CCTV-17, URL: http://61.149.251.202:4022/rtp/239.3.1.151:8144, From: subscribe, IPv_Type: ipv4, Location: 中国-北京-北京, ISP: 联通, Date: None, Delay: 459 ms, Speed: 0.96 M/s, Resolution: 1920x1080
Name: CCTV-17, URL: http://61.149.251.202:4022/rtp/239.3.1.151:8144, From: subscribe, IPv_Type: ipv4, Location: 中国-北京-北京, ISP: 联通, Date: None, Delay: 459 ms, Speed: 0.96 M/s, Resolution: 1920x1080
Name: CCTV-17, URL: https://jzb.wwkejishe.top/?id=594, From: subscribe, IPv_Type: ipv6, Location: 美国, ISP: CloudFlare Inc., Date: None, Delay: 2447 ms, Speed: 0.53 M/s, Resolution: 1280x720
Name: 广东卫视, URL: https://jzb.wwkejishe.top/?id=598, From: subscribe, IPv_Type: ipv6, Location: 美国, ISP: CloudFlare Inc., Date: None, Delay: 2447 ms, Speed: 0.53 M/s, Resolution: 1280x720
Name: 浙江卫视, URL: http://ali-m-l.cztv.com/channels/lantian/channel01/1080p.m3u8, From: subscribe, IPv_Type: ipv6, Location: 中国-广西-防城港, ISP: 电信, Date: None, Delay: 1428 ms, Speed: 0.53 M/s, Resolution: 1920x1080
Name: 浙江卫视, URL: http://ali-m-l.cztv.com/channels/lantian/channel01/1080p.m3u8, From: subscribe, IPv_Type: ipv6, Location: 中国-广西-防城港, ISP: 电信, Date: None, Delay: 1428 ms, Speed: 0.53 M/s, Resolution: 1920x1080
Name: 浙江卫视, URL: http://ali-vl.cztv.com/channels/lantian/channel001/360p.m3u8, From: subscribe, IPv_Type: ipv6, Location: 中国, ISP: 中国电信, Date: None, Delay: 1555 ms, Speed: 0.40 M/s, Resolution: 1920x1080
Name: 浙江卫视, URL: http://ali-vl.cztv.com/channels/lantian/channel001/360p.m3u8, From: subscribe, IPv_Type: ipv6, Location: 中国, ISP: 中国电信, Date: None, Delay: 1555 ms, Speed: 0.40 M/s, Resolution: 1920x1080
Name: 湖南卫视, URL: https://txmov2.a.kwimgs.com/bs3/video-hls/5199687338554291078_hlsb.m3u8, From: subscribe, IPv_Type: ipv4, Location: 美国-加利福尼亚州-圣克拉拉, ISP: 腾讯云, Date: None, Delay: 335 ms, Speed: 7.62 M/s, Resolution: 1280x720
Name: 湖南卫视, URL: https://txmov2.a.kwimgs.com/bs3/video-hls/5199687338554291078_hlsb.m3u8, From: subscribe, IPv_Type: ipv4, Location: 美国-加利福尼亚州-圣克拉拉, ISP: 腾讯云, Date: None, Delay: 335 ms, Speed: 7.62 M/s, Resolution: 1280x720
Name: 北京卫视, URL: http://satellitepull.cnr.cn/live/wxbtv/playlist.m3u8, From: subscribe, IPv_Type: ipv4, Location: 美国-德克萨斯州-达拉斯, ISP: 网宿科技CDN节点, Date: None, Delay: 49 ms, Speed: 1.98 M/s, Resolution: None
Name: 北京卫视, URL: http://satellitepull.cnr.cn/live/wxbtv/playlist.m3u8, From: subscribe, IPv_Type: ipv4, Location: 美国-德克萨斯州-达拉斯, ISP: 网宿科技CDN节点, Date: None, Delay: 49 ms, Speed: 1.98 M/s, Resolution: None
Name: 湖北卫视, URL: http://satellitepull.cnr.cn/live/wx32hubws/playlist.m3u8, From: subscribe, IPv_Type: ipv4, Location: 美国-德克萨斯州-达拉斯, ISP: 网宿科技CDN节点, Date: None, Delay: 49 ms, Speed: 1.98 M/s, Resolution: None
Name: 湖北卫视, URL: https://jzb.wwkejishe.top/?id=604, From: subscribe, IPv_Type: ipv6, Location: 美国, ISP: CloudFlare Inc., Date: None, Delay: 2447 ms, Speed: 0.53 M/s, Resolution: 1280x720
Name: 黑龙江卫视, URL: http://satellitepull.cnr.cn/live/wx32hljws/playlist.m3u8, From: subscribe, IPv_Type: ipv4, Location: 美国-德克萨斯州-达拉斯, ISP: 网宿科技CDN节点, Date: None, Delay: 49 ms, Speed: 1.98 M/s, Resolution: None
Name: 黑龙江卫视, URL: https://epg.pw/stream/c6c1262d0b35e59eac22bf513395f00f8b60cc5eab41f598412cdf8269312f32.m3u8, From: subscribe, IPv_Type: ipv6, Location: 美国, ISP: CloudFlare Inc., Date: None, Delay: 1074 ms, Speed: 0.60 M/s, Resolution: 1920x1080
Name: 安徽卫视, URL: https://jzb.wwkejishe.top/?id=612, From: subscribe, IPv_Type: ipv6, Location: 美国, ISP: CloudFlare Inc., Date: None, Delay: 2447 ms, Speed: 0.53 M/s, Resolution: 1280x720
Name: 重庆卫视, URL: http://satellitepull.cnr.cn/live/wxcqws/playlist.m3u8, From: subscribe, IPv_Type: ipv4, Location: 美国-德克萨斯州-达拉斯, ISP: 网宿科技CDN节点, Date: None, Delay: 49 ms, Speed: 1.98 M/s, Resolution: None
Name: 重庆卫视, URL: https://jzb.wwkejishe.top/?id=607, From: subscribe, IPv_Type: ipv6, Location: 美国, ISP: CloudFlare Inc., Date: None, Delay: 2447 ms, Speed: 0.53 M/s, Resolution: 1280x720
Name: 东方卫视, URL: https://txmov2.a.kwimgs.com/bs3/video-hls/5219953535631090825_hlsb.m3u8, From: subscribe, IPv_Type: ipv4, Location: 美国-加利福尼亚州-圣克拉拉, ISP: 腾讯云, Date: None, Delay: 335 ms, Speed: 7.62 M/s, Resolution: 1280x720
Name: 东方卫视, URL: https://epg.pw/stream/6aec3ea636542c53729b5c9dd290864ab04d4a69d2b9cb7864a9898779915898.m3u8, From: subscribe, IPv_Type: ipv6, Location: 美国, ISP: CloudFlare Inc., Date: None, Delay: 1074 ms, Speed: 0.60 M/s, Resolution: 1920x1080
Name: 东方卫视, URL: https://jzb.wwkejishe.top/?id=597, From: subscribe, IPv_Type: ipv6, Location: 美国, ISP: CloudFlare Inc., Date: None, Delay: 2447 ms, Speed: 0.53 M/s, Resolution: 1280x720
Name: 东南卫视, URL: http://satellitepull.cnr.cn/live/wx32fjws/playlist.m3u8, From: subscribe, IPv_Type: ipv4, Location: 美国-德克萨斯州-达拉斯, ISP: 网宿科技CDN节点, Date: None, Delay: 49 ms, Speed: 1.98 M/s, Resolution: None
Name: 甘肃卫视, URL: http://satellitepull.cnr.cn/live/wxgsws/playlist.m3u8, From: subscribe, IPv_Type: ipv4, Location: 美国-德克萨斯州-达拉斯, ISP: 网宿科技CDN节点, Date: None, Delay: 49 ms, Speed: 1.98 M/s, Resolution: None
Name: 广西卫视, URL: rtmp://live.gxrb.com.cn/hls/a23, From: subscribe, IPv_Type: ipv4, Location: 中国-广西-南宁, ISP: 电信, Date: None, Delay: -1 ms, Speed: inf M/s, Resolution: 1280x720
Name: 贵州卫视, URL: https://jzb.wwkejishe.top/?id=619, From: subscribe, IPv_Type: ipv6, Location: 美国, ISP: CloudFlare Inc., Date: None, Delay: 2447 ms, Speed: 0.53 M/s, Resolution: 1280x720
Name: 海南卫视, URL: http://satellitepull.cnr.cn/live/wxhainlyws/playlist.m3u8, From: subscribe, IPv_Type: ipv4, Location: 美国-德克萨斯州-达拉斯, ISP: 网宿科技CDN节点, Date: None, Delay: 49 ms, Speed: 1.98 M/s, Resolution: None
Name: 海南卫视, URL: https://jzb.wwkejishe.top/?id=600, From: subscribe, IPv_Type: ipv6, Location: 美国, ISP: CloudFlare Inc., Date: None, Delay: 2447 ms, Speed: 0.53 M/s, Resolution: 1280x720
Name: 河北卫视, URL: http://satellitepull.cnr.cn/live/wxhebws/playlist.m3u8, From: subscribe, IPv_Type: ipv4, Location: 美国-德克萨斯州-达拉斯, ISP: 网宿科技CDN节点, Date: None, Delay: 49 ms, Speed: 1.98 M/s, Resolution: None
Name: 河北卫视, URL: https://jzb.wwkejishe.top/?id=615, From: subscribe, IPv_Type: ipv6, Location: 美国, ISP: CloudFlare Inc., Date: None, Delay: 2447 ms, Speed: 0.53 M/s, Resolution: 1280x720
Name: 河南卫视, URL: http://1.94.31.214/php/hntv.php?id=hnws, From: subscribe, IPv_Type: ipv4, Location: 中国-上海-上海, ISP: 华为云, Date: None, Delay: 133 ms, Speed: 5.05 M/s, Resolution: 1920x1080
Name: 河南卫视, URL: http://1.94.31.214/php/hntv.php?id=hnws, From: subscribe, IPv_Type: ipv4, Location: 中国-上海-上海, ISP: 华为云, Date: None, Delay: 133 ms, Speed: 5.05 M/s, Resolution: 1920x1080
Name: 河南卫视, URL: http://satellitepull.cnr.cn/live/wxhnws/playlist.m3u8, From: subscribe, IPv_Type: ipv4, Location: 美国-德克萨斯州-达拉斯, ISP: 网宿科技CDN节点, Date: None, Delay: 49 ms, Speed: 1.98 M/s, Resolution: None
Name: 吉林卫视, URL: http://satellitepull.cnr.cn/live/wxjlws/playlist.m3u8, From: subscribe, IPv_Type: ipv4, Location: 美国-德克萨斯州-达拉斯, ISP: 网宿科技CDN节点, Date: None, Delay: 49 ms, Speed: 1.98 M/s, Resolution: None
Name: 江苏卫视, URL: https://txmov2.a.kwimgs.com/upic/2023/02/07/12/BMjAyMzAyMDcxMjQ3NDlfNzM5MzQzNzIyXzk1NjcxMTk5ODM5XzBfMw==_b_Bb92095c7df3c98b458dd14abf1d4b575.mp4, From: subscribe, IPv_Type: ipv4, Location: 美国-加利福尼亚州-圣克拉拉, ISP: 腾讯云, Date: None, Delay: 335 ms, Speed: 7.62 M/s, Resolution: 1280x720
Name: 江西卫视, URL: http://satellitepull.cnr.cn/live/wx32jiangxws/playlist.m3u8, From: subscribe, IPv_Type: ipv4, Location: 美国-德克萨斯州-达拉斯, ISP: 网宿科技CDN节点, Date: None, Delay: 49 ms, Speed: 1.98 M/s, Resolution: None
Name: 江西卫视, URL: http://203.205.191.53/yun-live.jxtvcn.com.cn/live-jxtv/tv_jxtv1.m3u8, From: subscribe, IPv_Type: ipv4, Location: 美国-加利福尼亚州-圣克拉拉, ISP: 腾讯云, Date: None, Delay: 466 ms, Speed: 1.91 M/s, Resolution: 1280x720
Name: 江西卫视, URL: http://203.205.191.53/yun-live.jxtvcn.com.cn/live-jxtv/tv_jxtv1.m3u8, From: subscribe, IPv_Type: ipv4, Location: 美国-加利福尼亚州-圣克拉拉, ISP: 腾讯云, Date: None, Delay: 466 ms, Speed: 1.91 M/s, Resolution: 1280x720
Name: 内蒙古卫视, URL: http://satellitepull.cnr.cn/live/wx32nmgws/playlist.m3u8, From: subscribe, IPv_Type: ipv4, Location: 美国-德克萨斯州-达拉斯, ISP: 网宿科技CDN节点, Date: None, Delay: 49 ms, Speed: 1.98 M/s, Resolution: None
Name: 青海卫视, URL: http://satellitepull.cnr.cn/live/wx32qhws/playlist.m3u8, From: subscribe, IPv_Type: ipv4, Location: 美国-德克萨斯州-达拉斯, ISP: 网宿科技CDN节点, Date: None, Delay: 49 ms, Speed: 1.98 M/s, Resolution: None
Name: 青海卫视, URL: https://jzb.wwkejishe.top/?id=605, From: subscribe, IPv_Type: ipv6, Location: 美国, ISP: CloudFlare Inc., Date: None, Delay: 2447 ms, Speed: 0.53 M/s, Resolution: 1280x720
Name: 山东卫视, URL: http://satellitepull.cnr.cn/live/wxsdws/playlist.m3u8, From: subscribe, IPv_Type: ipv4, Location: 美国-德克萨斯州-达拉斯, ISP: 网宿科技CDN节点, Date: None, Delay: 49 ms, Speed: 1.98 M/s, Resolution: None
Name: 山东卫视, URL: http://l.cztvcloud.com/channels/lantian/SXshengzhou1/720p.m3u8, From: subscribe, IPv_Type: ipv6, Location: 中国-江苏-常州, ISP: 电信, Date: None, Delay: 2366 ms, Speed: 0.75 M/s, Resolution: 1920x1080
Name: 山东卫视, URL: http://l.cztvcloud.com/channels/lantian/SXshengzhou1/720p.m3u8, From: subscribe, IPv_Type: ipv6, Location: 中国-江苏-常州, ISP: 电信, Date: None, Delay: 2366 ms, Speed: 0.75 M/s, Resolution: 1920x1080
Name: 山西卫视, URL: http://satellitepull.cnr.cn/live/wxssxws/playlist.m3u8, From: subscribe, IPv_Type: ipv4, Location: 美国-德克萨斯州-达拉斯, ISP: 网宿科技CDN节点, Date: None, Delay: 49 ms, Speed: 1.98 M/s, Resolution: None
Name: 山西卫视, URL: https://jzb.wwkejishe.top/?id=624, From: subscribe, IPv_Type: ipv6, Location: 美国, ISP: CloudFlare Inc., Date: None, Delay: 2447 ms, Speed: 0.53 M/s, Resolution: 1280x720
Name: 陕西卫视, URL: http://satellitepull.cnr.cn/live/wxsxxws/playlist.m3u8, From: subscribe, IPv_Type: ipv4, Location: 美国-德克萨斯州-达拉斯, ISP: 网宿科技CDN节点, Date: None, Delay: 49 ms, Speed: 1.98 M/s, Resolution: None
Name: 陕西卫视, URL: https://jzb.wwkejishe.top/?id=603, From: subscribe, IPv_Type: ipv6, Location: 美国, ISP: CloudFlare Inc., Date: None, Delay: 2447 ms, Speed: 0.53 M/s, Resolution: 1280x720
Name: 四川卫视, URL: http://satellitepull.cnr.cn/live/wxscws/playlist.m3u8, From: subscribe, IPv_Type: ipv4, Location: 美国-德克萨斯州-达拉斯, ISP: 网宿科技CDN节点, Date: None, Delay: 49 ms, Speed: 1.98 M/s, Resolution: None
Name: 四川卫视, URL: http://60.16.0.216:5757/hls/30/index.m3u8, From: subscribe, IPv_Type: ipv4, Location: 中国-辽宁-沈阳, ISP: 联通, Date: None, Delay: 12614 ms, Speed: 0.01 M/s, Resolution: None
Name: 四川卫视, URL: http://60.16.0.216:5757/hls/30/index.m3u8, From: subscribe, IPv_Type: ipv4, Location: 中国-辽宁-沈阳, ISP: 联通, Date: None, Delay: 12614 ms, Speed: 0.01 M/s, Resolution: None
Name: 深圳卫视, URL: http://38.64.72.148:80/hls/modn/list/4007/playlist.m3u8, From: subscribe, IPv_Type: ipv4, Location: 美国-加利福尼亚州-洛杉矶, ISP: Cogent, Date: None, Delay: 3877 ms, Speed: 0.44 M/s, Resolution: 1920x1080
Name: 深圳卫视, URL: http://38.64.72.148:80/hls/modn/list/4007/playlist.m3u8, From: subscribe, IPv_Type: ipv4, Location: 美国-加利福尼亚州-洛杉矶, ISP: Cogent, Date: None, Delay: 3877 ms, Speed: 0.44 M/s, Resolution: 1920x1080
Name: 深圳卫视, URL: http://60.16.0.216:5757/hls/19/index.m3u8, From: subscribe, IPv_Type: ipv4, Location: 中国-辽宁-沈阳, ISP: 联通, Date: None, Delay: 12614 ms, Speed: 0.01 M/s, Resolution: None
Name: 天津卫视, URL: https://jzb.wwkejishe.top/?id=611, From: subscribe, IPv_Type: ipv6, Location: 美国, ISP: CloudFlare Inc., Date: None, Delay: 2447 ms, Speed: 0.53 M/s, Resolution: 1280x720
Name: 天津卫视, URL: http://60.16.0.216:5757/hls/34/index.m3u8, From: subscribe, IPv_Type: ipv4, Location: 中国-辽宁-沈阳, ISP: 联通, Date: None, Delay: 12614 ms, Speed: 0.01 M/s, Resolution: None
Name: 西藏卫视, URL: http://satellitepull.cnr.cn/live/wxxzws/playlist.m3u8, From: subscribe, IPv_Type: ipv4, Location: 美国-德克萨斯州-达拉斯, ISP: 网宿科技CDN节点, Date: None, Delay: 49 ms, Speed: 1.98 M/s, Resolution: None
Name: 西藏卫视, URL: http://cc02.tv12.xyz/9.m3u8, From: subscribe, IPv_Type: ipv6, Location: 美国, ISP: CloudFlare Inc., Date: None, Delay: 1579 ms, Speed: 0.67 M/s, Resolution: 1920x1080
Name: 西藏卫视, URL: http://cc02.tv12.xyz/9.m3u8, From: subscribe, IPv_Type: ipv6, Location: 美国, ISP: CloudFlare Inc., Date: None, Delay: 1579 ms, Speed: 0.67 M/s, Resolution: 1920x1080
Name: 西藏卫视, URL: http://ygbh.site/php/bfgd.php?id=121, From: subscribe, IPv_Type: ipv4, Location: 美国-加利福尼亚州, ISP: , Date: None, Delay: 12878 ms, Speed: 0.00 M/s, Resolution: None
Name: 西藏卫视, URL: http://ygbh.site/php/bfgd.php?id=121, From: subscribe, IPv_Type: ipv4, Location: 美国-加利福尼亚州, ISP: , Date: None, Delay: 12878 ms, Speed: 0.00 M/s, Resolution: None
Name: 新疆卫视, URL: http://satellitepull.cnr.cn/live/wxxjws/playlist.m3u8, From: subscribe, IPv_Type: ipv4, Location: 美国-德克萨斯州-达拉斯, ISP: 网宿科技CDN节点, Date: None, Delay: 49 ms, Speed: 1.98 M/s, Resolution: None
Name: 新疆卫视, URL: http://cc02.tv12.xyz/10.m3u8, From: subscribe, IPv_Type: ipv6, Location: 美国, ISP: CloudFlare Inc., Date: None, Delay: 1579 ms, Speed: 0.67 M/s, Resolution: 1920x1080
Name: 新疆卫视, URL: https://jzb.wwkejishe.top/?id=623, From: subscribe, IPv_Type: ipv6, Location: 美国, ISP: CloudFlare Inc., Date: None, Delay: 2447 ms, Speed: 0.53 M/s, Resolution: 1280x720
Name: 新疆卫视, URL: http://60.16.0.216:5757/hls/47/index.m3u8, From: subscribe, IPv_Type: ipv4, Location: 中国-辽宁-沈阳, ISP: 联通, Date: None, Delay: 12614 ms, Speed: 0.01 M/s, Resolution: None
Name: 新疆卫视, URL: https://cc06.tv12.xyz/109.m3u8, From: subscribe, IPv_Type: ipv6, Location: 美国, ISP: CloudFlare Inc., Date: None, Delay: 12768 ms, Speed: 0.00 M/s, Resolution: None
Name: 新疆卫视, URL: http://ygbh.site/php/bfgd.php?id=150, From: subscribe, IPv_Type: ipv4, Location: 美国-加利福尼亚州, ISP: , Date: None, Delay: 12878 ms, Speed: 0.00 M/s, Resolution: None
Name: 新疆卫视, URL: https://cc06.tv12.xyz/109.m3u8, From: subscribe, IPv_Type: ipv6, Location: 美国, ISP: CloudFlare Inc., Date: None, Delay: 12768 ms, Speed: 0.00 M/s, Resolution: None
Name: 云南卫视, URL: https://hwapi.yntv.net/ew265l/z1z6s5.m3u8, From: subscribe, IPv_Type: ipv4, Location: 中国-海南-海口, ISP: 电信, Date: None, Delay: 1710 ms, Speed: 0.56 M/s, Resolution: 1920x1080
Name: 云南卫视, URL: https://hwapi.yntv.net/ew265l/z1z6s5.m3u8, From: subscribe, IPv_Type: ipv4, Location: 中国-海南-海口, ISP: 电信, Date: None, Delay: 1710 ms, Speed: 0.56 M/s, Resolution: 1920x1080
Name: 云南卫视, URL: http://ygbh.site/php/bfgd.php?id=115, From: subscribe, IPv_Type: ipv4, Location: 美国-加利福尼亚州, ISP: , Date: None, Delay: 12878 ms, Speed: 0.00 M/s, Resolution: None
Name: 云南卫视, URL: https://cc06.tv12.xyz/114.m3u8, From: subscribe, IPv_Type: ipv6, Location: 美国, ISP: CloudFlare Inc., Date: None, Delay: 12768 ms, Speed: 0.00 M/s, Resolution: None
